test_bad_stock_price_path_and_curse (__main__.FoodTests.test_bad_stock_price_path_and_curse) ... 
  test_bad_stock_price_path_and_curse (__main__.FoodTests.test_bad_stock_price_path_and_curse) (why='price') ... ERROR
  test_bad_stock_price_path_and_curse (__main__.FoodTests.test_bad_stock_price_path_and_curse) (why='unknown_price') ... ERROR
  test_bad_stock_price_path_and_curse (__main__.FoodTests.test_bad_stock_price_path_and_curse) (why='cursed') ... ERROR
  test_bad_stock_price_path_and_curse (__main__.FoodTests.test_bad_stock_price_path_and_curse) (why='unreachable') ... ERROR
  test_bad_stock_price_path_and_curse (__main__.FoodTests.test_bad_stock_price_path_and_curse) (why='offshop') ... ERROR
  test_bad_stock_price_path_and_curse (__main__.FoodTests.test_bad_stock_price_path_and_curse) (why='stock') ... ERROR
  test_bad_stock_price_path_and_curse (__main__.FoodTests.test_bad_stock_price_path_and_curse) (why='hunger') ... ERROR
  test_bad_stock_price_path_and_curse (__main__.FoodTests.test_bad_stock_price_path_and_curse) (why='wrong_food') ... ERROR
test_exact_eight_boundary (__main__.FoodTests.test_exact_eight_boundary) ... ok
test_failed_target_cooldown (__main__.FoodTests.test_failed_target_cooldown) ... FAIL
test_recheck_after_travel (__main__.FoodTests.test_recheck_after_travel) ... ERROR
test_settlement_even_after_threat_timeout (__main__.FoodTests.test_settlement_even_after_threat_timeout) ... ERROR
test_tool_flag_and_no_tool_original_branch (__main__.FoodTests.test_tool_flag_and_no_tool_original_branch) ... ERROR
test_two_steps_unknown_buc_one_unit (__main__.FoodTests.test_two_steps_unknown_buc_one_unit) ... ERROR
test_underfoot (__main__.FoodTests.test_underfoot) ... ERROR
test_actual_last_resort_branch_and_gates (__main__.ProtectionTests.test_actual_last_resort_branch_and_gates) ... ERROR
test_clear_evidence_on_leaving_or_erasure (__main__.ProtectionTests.test_clear_evidence_on_leaving_or_erasure) ... ok
test_invalid_pairs (__main__.ProtectionTests.test_invalid_pairs) ... ok
test_loss_boundary_and_same_turn (__main__.ProtectionTests.test_loss_boundary_and_same_turn) ... ok
test_existing_score_penalties_and_action_ranking (__main__.WandTests.test_existing_score_penalties_and_action_ranking) ... ok
test_later_bounce_weight_and_sibling_permutation (__main__.WandTests.test_later_bounce_weight_and_sibling_permutation) ... ERROR
test_mirrored_branches (__main__.WandTests.test_mirrored_branches) ... ok
test_self_pet_peaceful_labels (__main__.WandTests.test_self_pet_peaceful_labels) ... ok
test_straight_unchanged (__main__.WandTests.test_straight_unchanged) ... ok

======================================================================
ERROR: test_bad_stock_price_path_and_curse (__main__.FoodTests.test_bad_stock_price_path_and_curse) (why='price')
----------------------------------------------------------------------
Traceback (most recent call last):
  File "/workspace/STRATEGY_CAMPAIGN/test_strategies.py", line 189, in test_bad_stock_price_path_and_curse
    with self.subTest(why=why):self.assertFalse(self.run_buy());self.assertEqual(self.picked,0)
                                                ^^^^^^^^^^^^^^
  File "/workspace/STRATEGY_CAMPAIGN/test_strategies.py", line 172, in run_buy
    return self.inv.buy_food().run(return_condition=True)
           ^^^^^^^^^^^^^^^^^^^
  File "/tmp/campaign-baseline/autoascend/utils.py", line 122, in wrapper
    env = self.agent.env
          ^^^^^^^^^^^^^^
AttributeError: 'types.SimpleNamespace' object has no attribute 'env'

======================================================================
ERROR: test_bad_stock_price_path_and_curse (__main__.FoodTests.test_bad_stock_price_path_and_curse) (why='unknown_price')
----------------------------------------------------------------------
Traceback (most recent call last):
  File "/workspace/STRATEGY_CAMPAIGN/test_strategies.py", line 189, in test_bad_stock_price_path_and_curse
    with self.subTest(why=why):self.assertFalse(self.run_buy());self.assertEqual(self.picked,0)
                                                ^^^^^^^^^^^^^^
  File "/workspace/STRATEGY_CAMPAIGN/test_strategies.py", line 172, in run_buy
    return self.inv.buy_food().run(return_condition=True)
           ^^^^^^^^^^^^^^^^^^^
  File "/tmp/campaign-baseline/autoascend/utils.py", line 122, in wrapper
    env = self.agent.env
          ^^^^^^^^^^^^^^
AttributeError: 'types.SimpleNamespace' object has no attribute 'env'

======================================================================
ERROR: test_bad_stock_price_path_and_curse (__main__.FoodTests.test_bad_stock_price_path_and_curse) (why='cursed')
----------------------------------------------------------------------
Traceback (most recent call last):
  File "/workspace/STRATEGY_CAMPAIGN/test_strategies.py", line 189, in test_bad_stock_price_path_and_curse
    with self.subTest(why=why):self.assertFalse(self.run_buy());self.assertEqual(self.picked,0)
                                                ^^^^^^^^^^^^^^
  File "/workspace/STRATEGY_CAMPAIGN/test_strategies.py", line 172, in run_buy
    return self.inv.buy_food().run(return_condition=True)
           ^^^^^^^^^^^^^^^^^^^
  File "/tmp/campaign-baseline/autoascend/utils.py", line 122, in wrapper
    env = self.agent.env
          ^^^^^^^^^^^^^^
AttributeError: 'types.SimpleNamespace' object has no attribute 'env'

======================================================================
ERROR: test_bad_stock_price_path_and_curse (__main__.FoodTests.test_bad_stock_price_path_and_curse) (why='unreachable')
----------------------------------------------------------------------
Traceback (most recent call last):
  File "/workspace/STRATEGY_CAMPAIGN/test_strategies.py", line 189, in test_bad_stock_price_path_and_curse
    with self.subTest(why=why):self.assertFalse(self.run_buy());self.assertEqual(self.picked,0)
                                                ^^^^^^^^^^^^^^
  File "/workspace/STRATEGY_CAMPAIGN/test_strategies.py", line 172, in run_buy
    return self.inv.buy_food().run(return_condition=True)
           ^^^^^^^^^^^^^^^^^^^
  File "/tmp/campaign-baseline/autoascend/utils.py", line 122, in wrapper
    env = self.agent.env
          ^^^^^^^^^^^^^^
AttributeError: 'types.SimpleNamespace' object has no attribute 'env'

======================================================================
ERROR: test_bad_stock_price_path_and_curse (__main__.FoodTests.test_bad_stock_price_path_and_curse) (why='offshop')
----------------------------------------------------------------------
Traceback (most recent call last):
  File "/workspace/STRATEGY_CAMPAIGN/test_strategies.py", line 189, in test_bad_stock_price_path_and_curse
    with self.subTest(why=why):self.assertFalse(self.run_buy());self.assertEqual(self.picked,0)
                                                ^^^^^^^^^^^^^^
  File "/workspace/STRATEGY_CAMPAIGN/test_strategies.py", line 172, in run_buy
    return self.inv.buy_food().run(return_condition=True)
           ^^^^^^^^^^^^^^^^^^^
  File "/tmp/campaign-baseline/autoascend/utils.py", line 122, in wrapper
    env = self.agent.env
          ^^^^^^^^^^^^^^
AttributeError: 'types.SimpleNamespace' object has no attribute 'env'

======================================================================
ERROR: test_bad_stock_price_path_and_curse (__main__.FoodTests.test_bad_stock_price_path_and_curse) (why='stock')
----------------------------------------------------------------------
Traceback (most recent call last):
  File "/workspace/STRATEGY_CAMPAIGN/test_strategies.py", line 189, in test_bad_stock_price_path_and_curse
    with self.subTest(why=why):self.assertFalse(self.run_buy());self.assertEqual(self.picked,0)
                                                ^^^^^^^^^^^^^^
  File "/workspace/STRATEGY_CAMPAIGN/test_strategies.py", line 172, in run_buy
    return self.inv.buy_food().run(return_condition=True)
           ^^^^^^^^^^^^^^^^^^^
  File "/tmp/campaign-baseline/autoascend/utils.py", line 122, in wrapper
    env = self.agent.env
          ^^^^^^^^^^^^^^
AttributeError: 'types.SimpleNamespace' object has no attribute 'env'

======================================================================
ERROR: test_bad_stock_price_path_and_curse (__main__.FoodTests.test_bad_stock_price_path_and_curse) (why='hunger')
----------------------------------------------------------------------
Traceback (most recent call last):
  File "/workspace/STRATEGY_CAMPAIGN/test_strategies.py", line 189, in test_bad_stock_price_path_and_curse
    with self.subTest(why=why):self.assertFalse(self.run_buy());self.assertEqual(self.picked,0)
                                                ^^^^^^^^^^^^^^
  File "/workspace/STRATEGY_CAMPAIGN/test_strategies.py", line 172, in run_buy
    return self.inv.buy_food().run(return_condition=True)
           ^^^^^^^^^^^^^^^^^^^
  File "/tmp/campaign-baseline/autoascend/utils.py", line 122, in wrapper
    env = self.agent.env
          ^^^^^^^^^^^^^^
AttributeError: 'types.SimpleNamespace' object has no attribute 'env'

======================================================================
ERROR: test_bad_stock_price_path_and_curse (__main__.FoodTests.test_bad_stock_price_path_and_curse) (why='wrong_food')
----------------------------------------------------------------------
Traceback (most recent call last):
  File "/workspace/STRATEGY_CAMPAIGN/test_strategies.py", line 189, in test_bad_stock_price_path_and_curse
    with self.subTest(why=why):self.assertFalse(self.run_buy());self.assertEqual(self.picked,0)
                                                ^^^^^^^^^^^^^^
  File "/workspace/STRATEGY_CAMPAIGN/test_strategies.py", line 172, in run_buy
    return self.inv.buy_food().run(return_condition=True)
           ^^^^^^^^^^^^^^^^^^^
  File "/tmp/campaign-baseline/autoascend/utils.py", line 122, in wrapper
    env = self.agent.env
          ^^^^^^^^^^^^^^
AttributeError: 'types.SimpleNamespace' object has no attribute 'env'

======================================================================
ERROR: test_recheck_after_travel (__main__.FoodTests.test_recheck_after_travel)
----------------------------------------------------------------------
Traceback (most recent call last):
  File "/workspace/STRATEGY_CAMPAIGN/test_strategies.py", line 199, in test_recheck_after_travel
    self.run_buy();self.assertEqual(self.picked,0)
    ^^^^^^^^^^^^^^
  File "/workspace/STRATEGY_CAMPAIGN/test_strategies.py", line 172, in run_buy
    return self.inv.buy_food().run(return_condition=True)
           ^^^^^^^^^^^^^^^^^^^
  File "/tmp/campaign-baseline/autoascend/utils.py", line 122, in wrapper
    env = self.agent.env
          ^^^^^^^^^^^^^^
AttributeError: 'types.SimpleNamespace' object has no attribute 'env'

======================================================================
ERROR: test_settlement_even_after_threat_timeout (__main__.FoodTests.test_settlement_even_after_threat_timeout)
----------------------------------------------------------------------
Traceback (most recent call last):
  File "/workspace/STRATEGY_CAMPAIGN/test_strategies.py", line 207, in test_settlement_even_after_threat_timeout
    self.pick_hook=hook;self.run_buy()
                        ^^^^^^^^^^^^^^
  File "/workspace/STRATEGY_CAMPAIGN/test_strategies.py", line 172, in run_buy
    return self.inv.buy_food().run(return_condition=True)
           ^^^^^^^^^^^^^^^^^^^
  File "/tmp/campaign-baseline/autoascend/utils.py", line 122, in wrapper
    env = self.agent.env
          ^^^^^^^^^^^^^^
AttributeError: 'types.SimpleNamespace' object has no attribute 'env'

======================================================================
ERROR: test_tool_flag_and_no_tool_original_branch (__main__.FoodTests.test_tool_flag_and_no_tool_original_branch)
----------------------------------------------------------------------
Traceback (most recent call last):
  File "/workspace/STRATEGY_CAMPAIGN/test_strategies.py", line 215, in test_tool_flag_and_no_tool_original_branch
    self.assertFalse(self.inv.buy_food().check_condition())
                     ^^^^^^^^^^^^^^^^^^^
  File "/tmp/campaign-baseline/autoascend/utils.py", line 122, in wrapper
    env = self.agent.env
          ^^^^^^^^^^^^^^
AttributeError: 'types.SimpleNamespace' object has no attribute 'env'

======================================================================
ERROR: test_two_steps_unknown_buc_one_unit (__main__.FoodTests.test_two_steps_unknown_buc_one_unit)
----------------------------------------------------------------------
Traceback (most recent call last):
  File "/workspace/STRATEGY_CAMPAIGN/test_strategies.py", line 174, in test_two_steps_unknown_buc_one_unit
    self.assertTrue(self.run_buy());self.assertEqual((self.picked,self.settled),(1,1));self.assertEqual(self.a.blstats.time,14)
                    ^^^^^^^^^^^^^^
  File "/workspace/STRATEGY_CAMPAIGN/test_strategies.py", line 172, in run_buy
    return self.inv.buy_food().run(return_condition=True)
           ^^^^^^^^^^^^^^^^^^^
  File "/tmp/campaign-baseline/autoascend/utils.py", line 122, in wrapper
    env = self.agent.env
          ^^^^^^^^^^^^^^
AttributeError: 'types.SimpleNamespace' object has no attribute 'env'

======================================================================
ERROR: test_underfoot (__main__.FoodTests.test_underfoot)
----------------------------------------------------------------------
Traceback (most recent call last):
  File "/workspace/STRATEGY_CAMPAIGN/test_strategies.py", line 177, in test_underfoot
    self.assertTrue(self.run_buy());self.assertEqual(self.picked,1)
                    ^^^^^^^^^^^^^^
  File "/workspace/STRATEGY_CAMPAIGN/test_strategies.py", line 172, in run_buy
    return self.inv.buy_food().run(return_condition=True)
           ^^^^^^^^^^^^^^^^^^^
  File "/tmp/campaign-baseline/autoascend/utils.py", line 122, in wrapper
    env = self.agent.env
          ^^^^^^^^^^^^^^
AttributeError: 'types.SimpleNamespace' object has no attribute 'env'

======================================================================
ERROR: test_actual_last_resort_branch_and_gates (__main__.ProtectionTests.test_actual_last_resort_branch_and_gates)
----------------------------------------------------------------------
Traceback (most recent call last):
  File "/workspace/STRATEGY_CAMPAIGN/test_strategies.py", line 124, in test_actual_last_resort_branch_and_gates
    self.assertFalse(Agent.emergency_strategy(a).check_condition())
                     ^^^^^^^^^^^^^^^^^^^^^^^^^^^
  File "/tmp/campaign-baseline/autoascend/utils.py", line 122, in wrapper
    env = self.agent.env
          ^^^^^^^^^^
AttributeError: 'types.SimpleNamespace' object has no attribute 'agent'

======================================================================
ERROR: test_later_bounce_weight_and_sibling_permutation (__main__.WandTests.test_later_bounce_weight_and_sibling_permutation)
----------------------------------------------------------------------
Traceback (most recent call last):
  File "/workspace/STRATEGY_CAMPAIGN/test_strategies.py", line 38, in test_later_bounce_weight_and_sibling_permutation
    self.assertAlmostEqual(corrected[5,8,self.mon],.05)
                           ~~~~~~~~~^^^^^^^^^^^^^^
KeyError: (5, 8, (1, 5, 8, Mon(mname='giant'), 0))

======================================================================
FAIL: test_failed_target_cooldown (__main__.FoodTests.test_failed_target_cooldown)
----------------------------------------------------------------------
Traceback (most recent call last):
  File "/workspace/STRATEGY_CAMPAIGN/test_strategies.py", line 211, in test_failed_target_cooldown
    self.assertIsNone(self.inv._reserve_target())
                      ^^^^^^^^^^^^^^^^^^^^^^^^^^
  File "/tmp/campaign-baseline/autoascend/item/inventory.py", line 1686, in _reserve_target
    for pos, path in self._reserve_paths().items():
                     ^^^^^^^^^^^^^^^^^^^^^
  File "/tmp/campaign-baseline/autoascend/item/inventory.py", line 1659, in _reserve_paths
    & ~utils.isin(level.objects, G.TRAPS, G.DOORS)
       ^^^^^^^^^^^^^^^^^^^^^^^^^^^^^^^^^^^^^^^^^^^
  File "/tmp/campaign-baseline/autoascend/utils.py", line 96, in isin
    assert array.dtype == np.int16
           ^^^^^^^^^^^^^^^^^^^^^^^
AssertionError

----------------------------------------------------------------------
Ran 17 tests in 0.023s

FAILED (failures=1, errors=15)
