{
  "config": {
    "identity": "val-dwa-law-fem",
    "secret": "public",
    "evaluation_id": "local",
    "max_steps": 1000000,
    "no_progress_timeout": 10000,
    "action_timeout": 120.0,
    "max_parallel_evals": 4,
    "batches": {
      "public": [
        0,
        1,
        2,
        3,
        4,
        5,
        6,
        7,
        8,
        9,
        10,
        11,
        12,
        13,
        14
      ],
      "development": [
        2000,
        2001,
        2002,
        2003,
        2004
      ]
    },
    "development_is_holdout": false
  },
  "baseline_digest": "sha256:0bd921b672c1e02a1eb33a8c9f49cb19b42f921571230b3c1fe33baf5e89e4af",
  "eligible_singles": [
    "A"
  ],
  "required_combinations": [],
  "missing_combinations": [],
  "complete": true,
  "best_single": "A",
  "selected": "A",
  "recommended": "A",
  "best_tested_single": "A",
  "final_publication_candidate": "A",
  "comparisons": {
    "A": {
      "means": {
        "public": 0.48754987757483376,
        "development": 0.2803439441175858
      },
      "clean": true,
      "paired": {
        "public": [
          {
            "seed": 0,
            "old": 0.4258360748858015,
            "new": 0.4258360748858015,
            "delta": 0.0,
            "old_status": "completed",
            "new_status": "completed"
          },
          {
            "seed": 1,
            "old": 0.5067605633802816,
            "new": 0.6465049415992812,
            "delta": 0.13974437821899954,
            "old_status": "completed",
            "new_status": "completed"
          },
          {
            "seed": 2,
            "old": 0.0507583712345433,
            "new": 0.0507583712345433,
            "delta": 0.0,
            "old_status": "completed",
            "new_status": "completed"
          },
          {
            "seed": 3,
            "old": 0.5067605633802816,
            "new": 0.5067605633802816,
            "delta": 0.0,
            "old_status": "completed",
            "new_status": "completed"
          },
          {
            "seed": 4,
            "old": 0.4258360748858015,
            "new": 0.4258360748858015,
            "delta": 0.0,
            "old_status": "completed",
            "new_status": "completed"
          },
          {
            "seed": 5,
            "old": 0.6465049415992812,
            "new": 0.6465049415992812,
            "delta": 0.0,
            "old_status": "completed",
            "new_status": "completed"
          },
          {
            "seed": 6,
            "old": 0.5543572044866264,
            "new": 0.5543572044866264,
            "delta": 0.0,
            "old_status": "completed",
            "new_status": "completed"
          },
          {
            "seed": 7,
            "old": 0.6465049415992812,
            "new": 0.6465049415992812,
            "delta": 0.0,
            "old_status": "completed",
            "new_status": "completed"
          },
          {
            "seed": 8,
            "old": 0.6015648510382184,
            "new": 0.6015648510382184,
            "delta": 0.0,
            "old_status": "completed",
            "new_status": "completed"
          },
          {
            "seed": 9,
            "old": 0.5543572044866264,
            "new": 0.5543572044866264,
            "delta": 0.0,
            "old_status": "completed",
            "new_status": "completed"
          },
          {
            "seed": 10,
            "old": 0.6015648510382184,
            "new": 0.6015648510382184,
            "delta": 0.0,
            "old_status": "completed",
            "new_status": "completed"
          },
          {
            "seed": 11,
            "old": 0.46637631565303056,
            "new": 0.46637631565303056,
            "delta": 0.0,
            "old_status": "completed",
            "new_status": "completed"
          },
          {
            "seed": 12,
            "old": 0.4258360748858015,
            "new": 0.4258360748858015,
            "delta": 0.0,
            "old_status": "completed",
            "new_status": "completed"
          },
          {
            "seed": 13,
            "old": 0.20612854836308672,
            "new": 0.20612854836308672,
            "delta": 0.0,
            "old_status": "completed",
            "new_status": "completed"
          },
          {
            "seed": 14,
            "old": 0.5543572044866264,
            "new": 0.5543572044866264,
            "delta": 0.0,
            "old_status": "completed",
            "new_status": "completed"
          }
        ],
        "development": [
          {
            "seed": 2000,
            "old": 0.11704996473565571,
            "new": 0.11704996473565571,
            "delta": 0.0,
            "old_status": "completed",
            "new_status": "completed"
          },
          {
            "seed": 2001,
            "old": 0.6015648510382184,
            "new": 0.6015648510382184,
            "delta": 0.0,
            "old_status": "completed",
            "new_status": "completed"
          },
          {
            "seed": 2002,
            "old": 0.0507583712345433,
            "new": 0.0507583712345433,
            "delta": 0.0,
            "old_status": "completed",
            "new_status": "completed"
          },
          {
            "seed": 2003,
            "old": 0.5067605633802816,
            "new": 0.5067605633802816,
            "delta": 0.0,
            "old_status": "completed",
            "new_status": "completed"
          },
          {
            "seed": 2004,
            "old": 0.12558597019922987,
            "new": 0.12558597019922987,
            "delta": 0.0,
            "old_status": "completed",
            "new_status": "completed"
          }
        ]
      },
      "public_delta": 0.009316291881266637,
      "development_delta": 0.0
    },
    "B": {
      "means": {
        "public": 0.4843767681677441,
        "development": 0.2490672556502777
      },
      "clean": true,
      "paired": {
        "public": [
          {
            "seed": 0,
            "old": 0.4258360748858015,
            "new": 0.4258360748858015,
            "delta": 0.0,
            "old_status": "completed",
            "new_status": "completed"
          },
          {
            "seed": 1,
            "old": 0.5067605633802816,
            "new": 0.6465049415992812,
            "delta": 0.13974437821899954,
            "old_status": "completed",
            "new_status": "completed"
          },
          {
            "seed": 2,
            "old": 0.0507583712345433,
            "new": 0.0507583712345433,
            "delta": 0.0,
            "old_status": "completed",
            "new_status": "completed"
          },
          {
            "seed": 3,
            "old": 0.5067605633802816,
            "new": 0.5067605633802816,
            "delta": 0.0,
            "old_status": "completed",
            "new_status": "completed"
          },
          {
            "seed": 4,
            "old": 0.4258360748858015,
            "new": 0.4258360748858015,
            "delta": 0.0,
            "old_status": "completed",
            "new_status": "completed"
          },
          {
            "seed": 5,
            "old": 0.6465049415992812,
            "new": 0.6465049415992812,
            "delta": 0.0,
            "old_status": "completed",
            "new_status": "completed"
          },
          {
            "seed": 6,
            "old": 0.5543572044866264,
            "new": 0.5543572044866264,
            "delta": 0.0,
            "old_status": "completed",
            "new_status": "completed"
          },
          {
            "seed": 7,
            "old": 0.6465049415992812,
            "new": 0.6465049415992812,
            "delta": 0.0,
            "old_status": "completed",
            "new_status": "completed"
          },
          {
            "seed": 8,
            "old": 0.6015648510382184,
            "new": 0.6015648510382184,
            "delta": 0.0,
            "old_status": "completed",
            "new_status": "completed"
          },
          {
            "seed": 9,
            "old": 0.5543572044866264,
            "new": 0.5067605633802816,
            "delta": -0.04759664110634476,
            "old_status": "completed",
            "new_status": "completed"
          },
          {
            "seed": 10,
            "old": 0.6015648510382184,
            "new": 0.6015648510382184,
            "delta": 0.0,
            "old_status": "completed",
            "new_status": "completed"
          },
          {
            "seed": 11,
            "old": 0.46637631565303056,
            "new": 0.46637631565303056,
            "delta": 0.0,
            "old_status": "completed",
            "new_status": "completed"
          },
          {
            "seed": 12,
            "old": 0.4258360748858015,
            "new": 0.4258360748858015,
            "delta": 0.0,
            "old_status": "completed",
            "new_status": "completed"
          },
          {
            "seed": 13,
            "old": 0.20612854836308672,
            "new": 0.20612854836308672,
            "delta": 0.0,
            "old_status": "completed",
            "new_status": "completed"
          },
          {
            "seed": 14,
            "old": 0.5543572044866264,
            "new": 0.5543572044866264,
            "delta": 0.0,
            "old_status": "completed",
            "new_status": "completed"
          }
        ],
        "development": [
          {
            "seed": 2000,
            "old": 0.11704996473565571,
            "new": 0.11704996473565571,
            "delta": 0.0,
            "old_status": "completed",
            "new_status": "completed"
          },
          {
            "seed": 2001,
            "old": 0.6015648510382184,
            "new": 0.445181408701678,
            "delta": -0.15638344233654045,
            "old_status": "completed",
            "new_status": "completed"
          },
          {
            "seed": 2002,
            "old": 0.0507583712345433,
            "new": 0.0507583712345433,
            "delta": 0.0,
            "old_status": "completed",
            "new_status": "completed"
          },
          {
            "seed": 2003,
            "old": 0.5067605633802816,
            "new": 0.5067605633802816,
            "delta": 0.0,
            "old_status": "completed",
            "new_status": "completed"
          },
          {
            "seed": 2004,
            "old": 0.12558597019922987,
            "new": 0.12558597019922987,
            "delta": 0.0,
            "old_status": "completed",
            "new_status": "completed"
          }
        ]
      },
      "public_delta": 0.0061431824741769855,
      "development_delta": -0.03127668846730809
    },
    "C": {
      "means": {
        "public": 0.4750604762864775,
        "development": 0.2803439441175858
      },
      "clean": true,
      "paired": {
        "public": [
          {
            "seed": 0,
            "old": 0.4258360748858015,
            "new": 0.4258360748858015,
            "delta": 0.0,
            "old_status": "completed",
            "new_status": "completed"
          },
          {
            "seed": 1,
            "old": 0.5067605633802816,
            "new": 0.5067605633802816,
            "delta": 0.0,
            "old_status": "completed",
            "new_status": "completed"
          },
          {
            "seed": 2,
            "old": 0.0507583712345433,
            "new": 0.0507583712345433,
            "delta": 0.0,
            "old_status": "completed",
            "new_status": "completed"
          },
          {
            "seed": 3,
            "old": 0.5067605633802816,
            "new": 0.5067605633802816,
            "delta": 0.0,
            "old_status": "completed",
            "new_status": "completed"
          },
          {
            "seed": 4,
            "old": 0.4258360748858015,
            "new": 0.4258360748858015,
            "delta": 0.0,
            "old_status": "completed",
            "new_status": "completed"
          },
          {
            "seed": 5,
            "old": 0.6465049415992812,
            "new": 0.6465049415992812,
            "delta": 0.0,
            "old_status": "completed",
            "new_status": "completed"
          },
          {
            "seed": 6,
            "old": 0.5543572044866264,
            "new": 0.5543572044866264,
            "delta": 0.0,
            "old_status": "completed",
            "new_status": "completed"
          },
          {
            "seed": 7,
            "old": 0.6465049415992812,
            "new": 0.6465049415992812,
            "delta": 0.0,
            "old_status": "completed",
            "new_status": "completed"
          },
          {
            "seed": 8,
            "old": 0.6015648510382184,
            "new": 0.6015648510382184,
            "delta": 0.0,
            "old_status": "completed",
            "new_status": "completed"
          },
          {
            "seed": 9,
            "old": 0.5543572044866264,
            "new": 0.5067605633802816,
            "delta": -0.04759664110634476,
            "old_status": "completed",
            "new_status": "completed"
          },
          {
            "seed": 10,
            "old": 0.6015648510382184,
            "new": 0.6015648510382184,
            "delta": 0.0,
            "old_status": "completed",
            "new_status": "completed"
          },
          {
            "seed": 11,
            "old": 0.46637631565303056,
            "new": 0.46637631565303056,
            "delta": 0.0,
            "old_status": "completed",
            "new_status": "completed"
          },
          {
            "seed": 12,
            "old": 0.4258360748858015,
            "new": 0.4258360748858015,
            "delta": 0.0,
            "old_status": "completed",
            "new_status": "completed"
          },
          {
            "seed": 13,
            "old": 0.20612854836308672,
            "new": 0.20612854836308672,
            "delta": 0.0,
            "old_status": "completed",
            "new_status": "completed"
          },
          {
            "seed": 14,
            "old": 0.5543572044866264,
            "new": 0.5543572044866264,
            "delta": 0.0,
            "old_status": "completed",
            "new_status": "completed"
          }
        ],
        "development": [
          {
            "seed": 2000,
            "old": 0.11704996473565571,
            "new": 0.11704996473565571,
            "delta": 0.0,
            "old_status": "completed",
            "new_status": "completed"
          },
          {
            "seed": 2001,
            "old": 0.6015648510382184,
            "new": 0.6015648510382184,
            "delta": 0.0,
            "old_status": "completed",
            "new_status": "completed"
          },
          {
            "seed": 2002,
            "old": 0.0507583712345433,
            "new": 0.0507583712345433,
            "delta": 0.0,
            "old_status": "completed",
            "new_status": "completed"
          },
          {
            "seed": 2003,
            "old": 0.5067605633802816,
            "new": 0.5067605633802816,
            "delta": 0.0,
            "old_status": "completed",
            "new_status": "completed"
          },
          {
            "seed": 2004,
            "old": 0.12558597019922987,
            "new": 0.12558597019922987,
            "delta": 0.0,
            "old_status": "completed",
            "new_status": "completed"
          }
        ]
      },
      "public_delta": -0.003173109407089651,
      "development_delta": 0.0
    },
    "baseline": {
      "means": {
        "public": 0.4782335856935671,
        "development": 0.2803439441175858
      },
      "clean": true,
      "paired": {
        "public": [
          {
            "seed": 0,
            "old": 0.4258360748858015,
            "new": 0.4258360748858015,
            "delta": 0.0,
            "old_status": "completed",
            "new_status": "completed"
          },
          {
            "seed": 1,
            "old": 0.5067605633802816,
            "new": 0.5067605633802816,
            "delta": 0.0,
            "old_status": "completed",
            "new_status": "completed"
          },
          {
            "seed": 2,
            "old": 0.0507583712345433,
            "new": 0.0507583712345433,
            "delta": 0.0,
            "old_status": "completed",
            "new_status": "completed"
          },
          {
            "seed": 3,
            "old": 0.5067605633802816,
            "new": 0.5067605633802816,
            "delta": 0.0,
            "old_status": "completed",
            "new_status": "completed"
          },
          {
            "seed": 4,
            "old": 0.4258360748858015,
            "new": 0.4258360748858015,
            "delta": 0.0,
            "old_status": "completed",
            "new_status": "completed"
          },
          {
            "seed": 5,
            "old": 0.6465049415992812,
            "new": 0.6465049415992812,
            "delta": 0.0,
            "old_status": "completed",
            "new_status": "completed"
          },
          {
            "seed": 6,
            "old": 0.5543572044866264,
            "new": 0.5543572044866264,
            "delta": 0.0,
            "old_status": "completed",
            "new_status": "completed"
          },
          {
            "seed": 7,
            "old": 0.6465049415992812,
            "new": 0.6465049415992812,
            "delta": 0.0,
            "old_status": "completed",
            "new_status": "completed"
          },
          {
            "seed": 8,
            "old": 0.6015648510382184,
            "new": 0.6015648510382184,
            "delta": 0.0,
            "old_status": "completed",
            "new_status": "completed"
          },
          {
            "seed": 9,
            "old": 0.5543572044866264,
            "new": 0.5543572044866264,
            "delta": 0.0,
            "old_status": "completed",
            "new_status": "completed"
          },
          {
            "seed": 10,
            "old": 0.6015648510382184,
            "new": 0.6015648510382184,
            "delta": 0.0,
            "old_status": "completed",
            "new_status": "completed"
          },
          {
            "seed": 11,
            "old": 0.46637631565303056,
            "new": 0.46637631565303056,
            "delta": 0.0,
            "old_status": "completed",
            "new_status": "completed"
          },
          {
            "seed": 12,
            "old": 0.4258360748858015,
            "new": 0.4258360748858015,
            "delta": 0.0,
            "old_status": "completed",
            "new_status": "completed"
          },
          {
            "seed": 13,
            "old": 0.20612854836308672,
            "new": 0.20612854836308672,
            "delta": 0.0,
            "old_status": "completed",
            "new_status": "completed"
          },
          {
            "seed": 14,
            "old": 0.5543572044866264,
            "new": 0.5543572044866264,
            "delta": 0.0,
            "old_status": "completed",
            "new_status": "completed"
          }
        ],
        "development": [
          {
            "seed": 2000,
            "old": 0.11704996473565571,
            "new": 0.11704996473565571,
            "delta": 0.0,
            "old_status": "completed",
            "new_status": "completed"
          },
          {
            "seed": 2001,
            "old": 0.6015648510382184,
            "new": 0.6015648510382184,
            "delta": 0.0,
            "old_status": "completed",
            "new_status": "completed"
          },
          {
            "seed": 2002,
            "old": 0.0507583712345433,
            "new": 0.0507583712345433,
            "delta": 0.0,
            "old_status": "completed",
            "new_status": "completed"
          },
          {
            "seed": 2003,
            "old": 0.5067605633802816,
            "new": 0.5067605633802816,
            "delta": 0.0,
            "old_status": "completed",
            "new_status": "completed"
          },
          {
            "seed": 2004,
            "old": 0.12558597019922987,
            "new": 0.12558597019922987,
            "delta": 0.0,
            "old_status": "completed",
            "new_status": "completed"
          }
        ]
      },
      "public_delta": 0.0,
      "development_delta": 0.0
    }
  },
  "activation": {
    "A": {
      "selected_attempt_counts": {
        "A.branch_nodes": 2871,
        "A.branching_projections": 1116,
        "A.evaluations": 754,
        "A.score_changed": 124,
        "A.zap_chosen": 11,
        "B.bail_location": 34,
        "C.observations": 234461,
        "C.suppression_considered": 31,
        "B.bail_stock_or_hunger": 55,
        "C.emergency_action": 7,
        "C.qualified_loss": 11,
        "B.bail_threat": 38
      },
      "all_attempts": {
        "public-0": {
          "A.branch_nodes": 1682,
          "A.branching_projections": 633,
          "A.evaluations": 427,
          "A.score_changed": 96,
          "A.zap_chosen": 8,
          "B.bail_location": 26,
          "C.observations": 185523,
          "C.suppression_considered": 31,
          "B.bail_stock_or_hunger": 55,
          "C.emergency_action": 4,
          "C.qualified_loss": 7,
          "B.bail_threat": 38
        },
        "development-0": {
          "A.branch_nodes": 1189,
          "A.branching_projections": 483,
          "A.evaluations": 327,
          "C.emergency_action": 3,
          "C.observations": 48938,
          "A.score_changed": 28,
          "A.zap_chosen": 3,
          "B.bail_location": 8,
          "C.qualified_loss": 4
        }
      },
      "counts_are_lower_bounds": true,
      "per_game_attribution": false
    },
    "B": {
      "selected_attempt_counts": {
        "C.observations": 241616,
        "B.bail_location": 22,
        "B.bail_stock_or_hunger": 30,
        "C.suppression_considered": 35,
        "A.branch_nodes": 2501,
        "A.branching_projections": 1083,
        "A.evaluations": 693,
        "A.score_changed": 124,
        "A.zap_chosen": 11,
        "C.emergency_action": 7,
        "C.qualified_loss": 12
      },
      "all_attempts": {
        "public-0": {
          "C.observations": 192768,
          "B.bail_location": 14,
          "B.bail_stock_or_hunger": 30,
          "C.suppression_considered": 35,
          "A.branch_nodes": 1474,
          "A.branching_projections": 607,
          "A.evaluations": 401,
          "A.score_changed": 96,
          "A.zap_chosen": 8,
          "C.emergency_action": 5,
          "C.qualified_loss": 8
        },
        "development-0": {
          "A.branch_nodes": 1027,
          "A.branching_projections": 476,
          "A.evaluations": 292,
          "A.score_changed": 28,
          "A.zap_chosen": 3,
          "B.bail_location": 8,
          "C.emergency_action": 2,
          "C.observations": 48848,
          "C.qualified_loss": 4
        }
      },
      "counts_are_lower_bounds": true,
      "per_game_attribution": false
    },
    "C": {
      "selected_attempt_counts": {
        "C.observations": 241706,
        "C.suppression_considered": 35,
        "A.branch_nodes": 2507,
        "A.branching_projections": 1086,
        "A.evaluations": 724,
        "A.score_changed": 124,
        "A.zap_chosen": 11,
        "B.bail_location": 22,
        "B.bail_stock_or_hunger": 30,
        "C.emergency_action": 8,
        "C.qualified_loss": 12
      },
      "all_attempts": {
        "public-0": {
          "C.observations": 192768,
          "C.suppression_considered": 35,
          "A.branch_nodes": 1474,
          "A.branching_projections": 607,
          "A.evaluations": 401,
          "A.score_changed": 96,
          "A.zap_chosen": 8,
          "B.bail_location": 14,
          "B.bail_stock_or_hunger": 30,
          "C.emergency_action": 5,
          "C.qualified_loss": 8
        },
        "development-0": {
          "A.branch_nodes": 1033,
          "A.branching_projections": 479,
          "A.evaluations": 323,
          "A.score_changed": 28,
          "A.zap_chosen": 3,
          "B.bail_location": 8,
          "C.emergency_action": 3,
          "C.observations": 48938,
          "C.qualified_loss": 4
        }
      },
      "counts_are_lower_bounds": true,
      "per_game_attribution": false
    },
    "baseline": {
      "selected_attempt_counts": {
        "A.branch_nodes": 2507,
        "A.branching_projections": 1086,
        "A.evaluations": 724,
        "A.score_changed": 124,
        "A.zap_chosen": 11,
        "B.bail_location": 34,
        "C.observations": 234461,
        "C.suppression_considered": 31,
        "B.bail_stock_or_hunger": 55,
        "C.emergency_action": 7,
        "C.qualified_loss": 11,
        "B.bail_threat": 38
      },
      "all_attempts": {
        "public-0": {
          "A.branch_nodes": 1474,
          "A.branching_projections": 607,
          "A.evaluations": 401,
          "A.score_changed": 96,
          "A.zap_chosen": 8,
          "B.bail_location": 26,
          "C.observations": 185523,
          "C.suppression_considered": 31,
          "B.bail_stock_or_hunger": 55,
          "C.emergency_action": 4,
          "C.qualified_loss": 7,
          "B.bail_threat": 38
        },
        "development-0": {
          "A.branch_nodes": 1033,
          "A.branching_projections": 479,
          "A.evaluations": 323,
          "A.score_changed": 28,
          "A.zap_chosen": 3,
          "B.bail_location": 8,
          "C.emergency_action": 3,
          "C.observations": 48938,
          "C.qualified_loss": 4
        }
      },
      "counts_are_lower_bounds": true,
      "per_game_attribution": false
    }
  },
  "warning": "Development selection only; native Public/gate/publication still required."
}
