arena · running 15 episode(s)…
/workspace/autoascend/agent.py:433: RuntimeWarning: overflow encountered in scalar subtract
  self.cursor_pos = (observation['tty_cursor'][0] - 1, observation['tty_cursor'][1])
/workspace/autoascend/agent.py:433: RuntimeWarning: overflow encountered in scalar subtract
  self.cursor_pos = (observation['tty_cursor'][0] - 1, observation['tty_cursor'][1])
/workspace/autoascend/agent.py:433: RuntimeWarning: overflow encountered in scalar subtract
  self.cursor_pos = (observation['tty_cursor'][0] - 1, observation['tty_cursor'][1])
/workspace/autoascend/agent.py:433: RuntimeWarning: overflow encountered in scalar subtract
  self.cursor_pos = (observation['tty_cursor'][0] - 1, observation['tty_cursor'][1])
/workspace/autoascend/agent.py:433: RuntimeWarning: overflow encountered in scalar subtract
  self.cursor_pos = (observation['tty_cursor'][0] - 1, observation['tty_cursor'][1])
/workspace/autoascend/agent.py:433: RuntimeWarning: overflow encountered in scalar subtract
  self.cursor_pos = (observation['tty_cursor'][0] - 1, observation['tty_cursor'][1])
/workspace/autoascend/agent.py:433: RuntimeWarning: overflow encountered in scalar subtract
  self.cursor_pos = (observation['tty_cursor'][0] - 1, observation['tty_cursor'][1])
/workspace/autoascend/agent.py:433: RuntimeWarning: overflow encountered in scalar subtract
  self.cursor_pos = (observation['tty_cursor'][0] - 1, observation['tty_cursor'][1])
arena · episode 2/15 (val-dwa-law-fem): progress=0.161 completed turns=8907 depth=11
/workspace/autoascend/agent.py:433: RuntimeWarning: overflow encountered in scalar subtract
  self.cursor_pos = (observation['tty_cursor'][0] - 1, observation['tty_cursor'][1])
Warning: NetHack asked for env variable ROGUEOPTS
arena · episode 1/15 (val-dwa-law-fem): progress=0.466 completed turns=11410 depth=25
/workspace/autoascend/agent.py:433: RuntimeWarning: overflow encountered in scalar subtract
  self.cursor_pos = (observation['tty_cursor'][0] - 1, observation['tty_cursor'][1])
Warning: NetHack asked for env variable ROGUEOPTS
arena · episode 4/15 (val-dwa-law-fem): progress=0.554 completed turns=13884 depth=27
/workspace/autoascend/agent.py:433: RuntimeWarning: overflow encountered in scalar subtract
  self.cursor_pos = (observation['tty_cursor'][0] - 1, observation['tty_cursor'][1])
Warning: NetHack asked for env variable ROGUEOPTS
arena · episode 3/15 (val-dwa-law-fem): progress=0.445 completed turns=16444 depth=24
arena · episode 5/15 (val-dwa-law-fem): progress=0.037 completed turns=6965 depth=3
/workspace/autoascend/agent.py:433: RuntimeWarning: overflow encountered in scalar subtract
  self.cursor_pos = (observation['tty_cursor'][0] - 1, observation['tty_cursor'][1])
/workspace/autoascend/agent.py:433: RuntimeWarning: overflow encountered in scalar subtract
  self.cursor_pos = (observation['tty_cursor'][0] - 1, observation['tty_cursor'][1])
Warning: NetHack asked for env variable ROGUEOPTS
arena · episode 7/15 (val-dwa-law-fem): progress=0.466 completed turns=11147 depth=25
Warning: NetHack asked for env variable ROGUEOPTS
arena · episode 6/15 (val-dwa-law-fem): progress=0.602 completed turns=15687 depth=28
/workspace/autoascend/agent.py:433: RuntimeWarning: overflow encountered in scalar subtract
  self.cursor_pos = (observation['tty_cursor'][0] - 1, observation['tty_cursor'][1])
/workspace/autoascend/agent.py:433: RuntimeWarning: overflow encountered in scalar subtract
  self.cursor_pos = (observation['tty_cursor'][0] - 1, observation['tty_cursor'][1])
arena · episode 9/15 (val-dwa-law-fem): progress=0.051 completed turns=13177 depth=3
/workspace/autoascend/agent.py:433: RuntimeWarning: overflow encountered in scalar subtract
  self.cursor_pos = (observation['tty_cursor'][0] - 1, observation['tty_cursor'][1])
Warning: NetHack asked for env variable ROGUEOPTS
arena · episode 8/15 (val-dwa-law-fem): progress=0.466 completed turns=15762 depth=25
/workspace/autoascend/agent.py:433: RuntimeWarning: overflow encountered in scalar subtract
  self.cursor_pos = (observation['tty_cursor'][0] - 1, observation['tty_cursor'][1])
Warning: NetHack asked for env variable ROGUEOPTS
arena · episode 10/15 (val-dwa-law-fem): progress=0.554 completed turns=15808 depth=27
/workspace/autoascend/agent.py:433: RuntimeWarning: overflow encountered in scalar subtract
  self.cursor_pos = (observation['tty_cursor'][0] - 1, observation['tty_cursor'][1])
Warning: NetHack asked for env variable ROGUEOPTS
arena · episode 12/15 (val-dwa-law-fem): progress=0.466 completed turns=13510 depth=25
/workspace/autoascend/agent.py:433: RuntimeWarning: overflow encountered in scalar subtract
  self.cursor_pos = (observation['tty_cursor'][0] - 1, observation['tty_cursor'][1])
Warning: NetHack asked for env variable ROGUEOPTS
arena · episode 13/15 (val-dwa-law-fem): progress=0.554 completed turns=12109 depth=27
Warning: NetHack asked for env variable ROGUEOPTS
arena · episode 11/15 (val-dwa-law-fem): progress=0.602 completed turns=21417 depth=28
Warning: NetHack asked for env variable ROGUEOPTS
arena · episode 14/15 (val-dwa-law-fem): progress=0.445 completed turns=10243 depth=24
Warning: NetHack asked for env variable ROGUEOPTS
arena · episode 15/15 (val-dwa-law-fem): progress=0.554 completed turns=21412 depth=27
