arena · running 8 episode(s)…
/tmp/peer-baseline-incoming/autoascend/agent.py:413: RuntimeWarning: overflow encountered in scalar subtract
  self.cursor_pos = (observation['tty_cursor'][0] - 1, observation['tty_cursor'][1])
/tmp/peer-baseline-incoming/autoascend/agent.py:413: RuntimeWarning: overflow encountered in scalar subtract
  self.cursor_pos = (observation['tty_cursor'][0] - 1, observation['tty_cursor'][1])
/tmp/peer-baseline-incoming/autoascend/agent.py:413: RuntimeWarning: overflow encountered in scalar subtract
  self.cursor_pos = (observation['tty_cursor'][0] - 1, observation['tty_cursor'][1])
/tmp/peer-baseline-incoming/autoascend/agent.py:413: RuntimeWarning: overflow encountered in scalar subtract
  self.cursor_pos = (observation['tty_cursor'][0] - 1, observation['tty_cursor'][1])
Warning: NetHack asked for env variable ROGUEOPTS
Warning: NetHack asked for env variable ROGUEOPTS
arena · episode 2/8 (val-dwa-law-fem): progress=0.507 completed turns=16059 depth=26
arena · episode 1/8 (val-dwa-law-fem): progress=0.507 completed turns=20339 depth=26
/tmp/peer-baseline-incoming/autoascend/agent.py:413: RuntimeWarning: overflow encountered in scalar subtract
  self.cursor_pos = (observation['tty_cursor'][0] - 1, observation['tty_cursor'][1])
Warning: NetHack asked for env variable ROGUEOPTS
arena · episode 3/8 (val-dwa-law-fem): progress=0.554 completed turns=18244 depth=27
/tmp/peer-baseline-incoming/autoascend/agent.py:413: RuntimeWarning: overflow encountered in scalar subtract
  self.cursor_pos = (observation['tty_cursor'][0] - 1, observation['tty_cursor'][1])
arena · episode 4/8 (val-dwa-law-fem): progress=0.075 completed turns=19915 depth=5
/tmp/peer-baseline-incoming/autoascend/agent.py:413: RuntimeWarning: overflow encountered in scalar subtract
  self.cursor_pos = (observation['tty_cursor'][0] - 1, observation['tty_cursor'][1])
/tmp/peer-baseline-incoming/autoascend/agent.py:413: RuntimeWarning: overflow encountered in scalar subtract
  self.cursor_pos = (observation['tty_cursor'][0] - 1, observation['tty_cursor'][1])
arena · episode 6/8 (val-dwa-law-fem): progress=0.035 completed turns=3616 depth=6
arena · episode 7/8 (val-dwa-law-fem): progress=0.075 completed turns=20895 depth=3
Warning: NetHack asked for env variable ROGUEOPTS
arena · episode 5/8 (val-dwa-law-fem): progress=0.466 completed turns=19033 depth=25
arena · episode 8/8 (val-dwa-law-fem): progress=0.037 completed turns=46690 depth=4
