arena · running 15 episode(s)…
/tmp/peer-baseline-incoming/autoascend/agent.py:413: RuntimeWarning: overflow encountered in scalar subtract
  self.cursor_pos = (observation['tty_cursor'][0] - 1, observation['tty_cursor'][1])
/tmp/peer-baseline-incoming/autoascend/agent.py:413: RuntimeWarning: overflow encountered in scalar subtract
  self.cursor_pos = (observation['tty_cursor'][0] - 1, observation['tty_cursor'][1])
/tmp/peer-baseline-incoming/autoascend/agent.py:413: RuntimeWarning: overflow encountered in scalar subtract
  self.cursor_pos = (observation['tty_cursor'][0] - 1, observation['tty_cursor'][1])
/tmp/peer-baseline-incoming/autoascend/agent.py:413: RuntimeWarning: overflow encountered in scalar subtract
  self.cursor_pos = (observation['tty_cursor'][0] - 1, observation['tty_cursor'][1])
/tmp/peer-baseline-incoming/autoascend/agent.py:413: RuntimeWarning: overflow encountered in scalar subtract
  self.cursor_pos = (observation['tty_cursor'][0] - 1, observation['tty_cursor'][1])
/tmp/peer-baseline-incoming/autoascend/agent.py:413: RuntimeWarning: overflow encountered in scalar subtract
  self.cursor_pos = (observation['tty_cursor'][0] - 1, observation['tty_cursor'][1])
/tmp/peer-baseline-incoming/autoascend/agent.py:413: RuntimeWarning: overflow encountered in scalar subtract
  self.cursor_pos = (observation['tty_cursor'][0] - 1, observation['tty_cursor'][1])
/tmp/peer-baseline-incoming/autoascend/agent.py:413: RuntimeWarning: overflow encountered in scalar subtract
  self.cursor_pos = (observation['tty_cursor'][0] - 1, observation['tty_cursor'][1])
arena · episode 3/15 (val-dwa-law-fem): progress=0.051 completed turns=12491 depth=7
/tmp/peer-baseline-incoming/autoascend/agent.py:413: RuntimeWarning: overflow encountered in scalar subtract
  self.cursor_pos = (observation['tty_cursor'][0] - 1, observation['tty_cursor'][1])
/tmp/peer-baseline-incoming/autoascend/agent.py:903: RuntimeWarning: overflow encountered in scalar subtract
  if to_x == from_x - 1: ret += 'w'
Warning: NetHack asked for env variable ROGUEOPTS
arena · episode 4/15 (val-dwa-law-fem): progress=0.507 completed turns=19292 depth=26
/tmp/peer-baseline-incoming/autoascend/agent.py:901: RuntimeWarning: overflow encountered in scalar subtract
  if to_y == from_y - 1: ret += 'n'
Warning: NetHack asked for env variable ROGUEOPTS
/tmp/peer-baseline-incoming/autoascend/agent.py:413: RuntimeWarning: overflow encountered in scalar subtract
  self.cursor_pos = (observation['tty_cursor'][0] - 1, observation['tty_cursor'][1])
arena · episode 1/15 (val-dwa-law-fem): progress=0.466 completed turns=34785 depth=25
/tmp/peer-baseline-incoming/autoascend/agent.py:413: RuntimeWarning: overflow encountered in scalar subtract
  self.cursor_pos = (observation['tty_cursor'][0] - 1, observation['tty_cursor'][1])
Warning: NetHack asked for env variable ROGUEOPTS
arena · episode 2/15 (val-dwa-law-fem): progress=0.379 completed turns=27642 depth=20
/tmp/peer-baseline-incoming/autoascend/agent.py:413: RuntimeWarning: overflow encountered in scalar subtract
  self.cursor_pos = (observation['tty_cursor'][0] - 1, observation['tty_cursor'][1])
Warning: NetHack asked for env variable ROGUEOPTS
Warning: NetHack asked for env variable ROGUEOPTS
arena · episode 6/15 (val-dwa-law-fem): progress=0.647 completed turns=18440 depth=29
/tmp/peer-baseline-incoming/autoascend/agent.py:413: RuntimeWarning: overflow encountered in scalar subtract
  self.cursor_pos = (observation['tty_cursor'][0] - 1, observation['tty_cursor'][1])
arena · episode 5/15 (val-dwa-law-fem): progress=0.554 completed turns=30969 depth=27
/tmp/peer-baseline-incoming/autoascend/agent.py:413: RuntimeWarning: overflow encountered in scalar subtract
  self.cursor_pos = (observation['tty_cursor'][0] - 1, observation['tty_cursor'][1])
Warning: NetHack asked for env variable ROGUEOPTS
arena · episode 8/15 (val-dwa-law-fem): progress=0.647 completed turns=20179 depth=29
/tmp/peer-baseline-incoming/autoascend/agent.py:413: RuntimeWarning: overflow encountered in scalar subtract
  self.cursor_pos = (observation['tty_cursor'][0] - 1, observation['tty_cursor'][1])
Warning: NetHack asked for env variable ROGUEOPTS
arena · episode 9/15 (val-dwa-law-fem): progress=0.602 completed turns=25015 depth=28
/tmp/peer-baseline-incoming/autoascend/agent.py:413: RuntimeWarning: overflow encountered in scalar subtract
  self.cursor_pos = (observation['tty_cursor'][0] - 1, observation['tty_cursor'][1])
Warning: NetHack asked for env variable ROGUEOPTS
arena · episode 10/15 (val-dwa-law-fem): progress=0.554 completed turns=19001 depth=27
/tmp/peer-baseline-incoming/autoascend/agent.py:413: RuntimeWarning: overflow encountered in scalar subtract
  self.cursor_pos = (observation['tty_cursor'][0] - 1, observation['tty_cursor'][1])
Warning: NetHack asked for env variable ROGUEOPTS
arena · episode 11/15 (val-dwa-law-fem): progress=0.602 completed turns=23244 depth=28
/tmp/peer-baseline-incoming/autoascend/agent.py:413: RuntimeWarning: overflow encountered in scalar subtract
  self.cursor_pos = (observation['tty_cursor'][0] - 1, observation['tty_cursor'][1])
Warning: NetHack asked for env variable ROGUEOPTS
arena · episode 7/15 (val-dwa-law-fem): progress=0.554 completed turns=27675 depth=27
/tmp/peer-baseline-incoming/autoascend/agent.py:413: RuntimeWarning: overflow encountered in scalar subtract
  self.cursor_pos = (observation['tty_cursor'][0] - 1, observation['tty_cursor'][1])
Warning: NetHack asked for env variable ROGUEOPTS
Warning: NetHack asked for env variable ROGUEOPTS
arena · episode 13/15 (val-dwa-law-fem): progress=0.426 completed turns=18349 depth=23
arena · episode 12/15 (val-dwa-law-fem): progress=0.466 completed turns=21375 depth=25
Warning: NetHack asked for env variable ROGUEOPTS
arena · episode 14/15 (val-dwa-law-fem): progress=0.206 completed turns=19766 depth=12
arena · episode 15/15 (val-dwa-law-fem): progress=0.554 completed turns=25702 depth=27
