arena · running 27 episode(s)…
/workspace/private31_experiment/baseline/autoascend/agent.py:433: RuntimeWarning: overflow encountered in scalar subtract
  self.cursor_pos = (observation['tty_cursor'][0] - 1, observation['tty_cursor'][1])
/workspace/private31_experiment/baseline/autoascend/agent.py:433: RuntimeWarning: overflow encountered in scalar subtract
  self.cursor_pos = (observation['tty_cursor'][0] - 1, observation['tty_cursor'][1])
/workspace/private31_experiment/baseline/autoascend/agent.py:433: RuntimeWarning: overflow encountered in scalar subtract
  self.cursor_pos = (observation['tty_cursor'][0] - 1, observation['tty_cursor'][1])
/workspace/private31_experiment/baseline/autoascend/agent.py:433: RuntimeWarning: overflow encountered in scalar subtract
  self.cursor_pos = (observation['tty_cursor'][0] - 1, observation['tty_cursor'][1])
/workspace/private31_experiment/baseline/autoascend/agent.py:433: RuntimeWarning: overflow encountered in scalar subtract
  self.cursor_pos = (observation['tty_cursor'][0] - 1, observation['tty_cursor'][1])
/workspace/private31_experiment/baseline/autoascend/agent.py:433: RuntimeWarning: overflow encountered in scalar subtract
  self.cursor_pos = (observation['tty_cursor'][0] - 1, observation['tty_cursor'][1])
/workspace/private31_experiment/baseline/autoascend/agent.py:433: RuntimeWarning: overflow encountered in scalar subtract
  self.cursor_pos = (observation['tty_cursor'][0] - 1, observation['tty_cursor'][1])
/workspace/private31_experiment/baseline/autoascend/agent.py:433: RuntimeWarning: overflow encountered in scalar subtract
  self.cursor_pos = (observation['tty_cursor'][0] - 1, observation['tty_cursor'][1])
arena · episode 2/27 (val-dwa-law-fem): progress=0.161 completed turns=8907 depth=11
/workspace/private31_experiment/baseline/autoascend/agent.py:433: RuntimeWarning: overflow encountered in scalar subtract
  self.cursor_pos = (observation['tty_cursor'][0] - 1, observation['tty_cursor'][1])
Warning: NetHack asked for env variable ROGUEOPTS
arena · episode 1/27 (val-dwa-law-fem): progress=0.466 completed turns=11414 depth=25
/workspace/private31_experiment/baseline/autoascend/agent.py:433: RuntimeWarning: overflow encountered in scalar subtract
  self.cursor_pos = (observation['tty_cursor'][0] - 1, observation['tty_cursor'][1])
Warning: NetHack asked for env variable ROGUEOPTS
arena · episode 4/27 (val-dwa-law-fem): progress=0.554 completed turns=13928 depth=27
/workspace/private31_experiment/baseline/autoascend/agent.py:433: RuntimeWarning: overflow encountered in scalar subtract
  self.cursor_pos = (observation['tty_cursor'][0] - 1, observation['tty_cursor'][1])
Warning: NetHack asked for env variable ROGUEOPTS
arena · episode 3/27 (val-dwa-law-fem): progress=0.445 completed turns=16458 depth=24
arena · episode 5/27 (val-dwa-law-fem): progress=0.037 completed turns=6965 depth=3
/workspace/private31_experiment/baseline/autoascend/agent.py:433: RuntimeWarning: overflow encountered in scalar subtract
  self.cursor_pos = (observation['tty_cursor'][0] - 1, observation['tty_cursor'][1])
/workspace/private31_experiment/baseline/autoascend/agent.py:433: RuntimeWarning: overflow encountered in scalar subtract
  self.cursor_pos = (observation['tty_cursor'][0] - 1, observation['tty_cursor'][1])
Warning: NetHack asked for env variable ROGUEOPTS
arena · episode 7/27 (val-dwa-law-fem): progress=0.554 completed turns=11186 depth=27
Warning: NetHack asked for env variable ROGUEOPTS
arena · episode 6/27 (val-dwa-law-fem): progress=0.554 completed turns=15706 depth=27
/workspace/private31_experiment/baseline/autoascend/agent.py:433: RuntimeWarning: overflow encountered in scalar subtract
  self.cursor_pos = (observation['tty_cursor'][0] - 1, observation['tty_cursor'][1])
/workspace/private31_experiment/baseline/autoascend/agent.py:433: RuntimeWarning: overflow encountered in scalar subtract
  self.cursor_pos = (observation['tty_cursor'][0] - 1, observation['tty_cursor'][1])
arena · episode 9/27 (val-dwa-law-fem): progress=0.051 completed turns=13177 depth=3
/workspace/private31_experiment/baseline/autoascend/agent.py:433: RuntimeWarning: overflow encountered in scalar subtract
  self.cursor_pos = (observation['tty_cursor'][0] - 1, observation['tty_cursor'][1])
Warning: NetHack asked for env variable ROGUEOPTS
arena · episode 8/27 (val-dwa-law-fem): progress=0.466 completed turns=15904 depth=25
/workspace/private31_experiment/baseline/autoascend/agent.py:433: RuntimeWarning: overflow encountered in scalar subtract
  self.cursor_pos = (observation['tty_cursor'][0] - 1, observation['tty_cursor'][1])
Warning: NetHack asked for env variable ROGUEOPTS
arena · episode 10/27 (val-dwa-law-fem): progress=0.554 completed turns=15660 depth=27
/workspace/private31_experiment/baseline/autoascend/agent.py:433: RuntimeWarning: overflow encountered in scalar subtract
  self.cursor_pos = (observation['tty_cursor'][0] - 1, observation['tty_cursor'][1])
Warning: NetHack asked for env variable ROGUEOPTS
arena · episode 12/27 (val-dwa-law-fem): progress=0.466 completed turns=13519 depth=25
/workspace/private31_experiment/baseline/autoascend/agent.py:433: RuntimeWarning: overflow encountered in scalar subtract
  self.cursor_pos = (observation['tty_cursor'][0] - 1, observation['tty_cursor'][1])
Warning: NetHack asked for env variable ROGUEOPTS
arena · episode 13/27 (val-dwa-law-fem): progress=0.466 completed turns=11919 depth=25
/workspace/private31_experiment/baseline/autoascend/agent.py:433: RuntimeWarning: overflow encountered in scalar subtract
  self.cursor_pos = (observation['tty_cursor'][0] - 1, observation['tty_cursor'][1])
Warning: NetHack asked for env variable ROGUEOPTS
arena · episode 11/27 (val-dwa-law-fem): progress=0.602 completed turns=21410 depth=28
Warning: NetHack asked for env variable ROGUEOPTS
arena · episode 14/27 (val-dwa-law-fem): progress=0.466 completed turns=11202 depth=25
/workspace/private31_experiment/baseline/autoascend/agent.py:433: RuntimeWarning: overflow encountered in scalar subtract
  self.cursor_pos = (observation['tty_cursor'][0] - 1, observation['tty_cursor'][1])
/workspace/private31_experiment/baseline/autoascend/agent.py:433: RuntimeWarning: overflow encountered in scalar subtract
  self.cursor_pos = (observation['tty_cursor'][0] - 1, observation['tty_cursor'][1])
Warning: NetHack asked for env variable ROGUEOPTS
arena · episode 15/27 (val-dwa-law-fem): progress=0.507 completed turns=10037 depth=26
/workspace/private31_experiment/baseline/autoascend/agent.py:433: RuntimeWarning: overflow encountered in scalar subtract
  self.cursor_pos = (observation['tty_cursor'][0] - 1, observation['tty_cursor'][1])
arena · episode 18/27 (val-dwa-law-fem): progress=0.037 completed turns=6335 depth=3
/workspace/private31_experiment/baseline/autoascend/agent.py:433: RuntimeWarning: overflow encountered in scalar subtract
  self.cursor_pos = (observation['tty_cursor'][0] - 1, observation['tty_cursor'][1])
Warning: NetHack asked for env variable ROGUEOPTS
Warning: NetHack asked for env variable ROGUEOPTS
arena · episode 17/27 (val-dwa-law-fem): progress=0.466 completed turns=10221 depth=25
arena · episode 16/27 (val-dwa-law-fem): progress=0.554 completed turns=15795 depth=27
/workspace/private31_experiment/baseline/autoascend/agent.py:433: RuntimeWarning: overflow encountered in scalar subtract
  self.cursor_pos = (observation['tty_cursor'][0] - 1, observation['tty_cursor'][1])
/workspace/private31_experiment/baseline/autoascend/agent.py:433: RuntimeWarning: overflow encountered in scalar subtract
  self.cursor_pos = (observation['tty_cursor'][0] - 1, observation['tty_cursor'][1])
Warning: NetHack asked for env variable ROGUEOPTS
arena · episode 19/27 (val-dwa-law-fem): progress=0.466 completed turns=9211 depth=25
arena · episode 22/27 (val-dwa-law-fem): progress=0.024 completed turns=4306 depth=1
/workspace/private31_experiment/baseline/autoascend/agent.py:433: RuntimeWarning: overflow encountered in scalar subtract
  self.cursor_pos = (observation['tty_cursor'][0] - 1, observation['tty_cursor'][1])
/workspace/private31_experiment/baseline/autoascend/agent.py:433: RuntimeWarning: overflow encountered in scalar subtract
  self.cursor_pos = (observation['tty_cursor'][0] - 1, observation['tty_cursor'][1])
Warning: NetHack asked for env variable ROGUEOPTS
arena · episode 20/27 (val-dwa-law-fem): progress=0.445 completed turns=11973 depth=24
/workspace/private31_experiment/baseline/autoascend/agent.py:433: RuntimeWarning: overflow encountered in scalar subtract
  self.cursor_pos = (observation['tty_cursor'][0] - 1, observation['tty_cursor'][1])
Warning: NetHack asked for env variable ROGUEOPTS
arena · episode 21/27 (val-dwa-law-fem): progress=0.466 completed turns=10647 depth=25
/workspace/private31_experiment/baseline/autoascend/agent.py:433: RuntimeWarning: overflow encountered in scalar subtract
  self.cursor_pos = (observation['tty_cursor'][0] - 1, observation['tty_cursor'][1])
Warning: NetHack asked for env variable ROGUEOPTS
arena · episode 24/27 (val-dwa-law-fem): progress=0.647 completed turns=9544 depth=29
/workspace/private31_experiment/baseline/autoascend/agent.py:433: RuntimeWarning: overflow encountered in scalar subtract
  self.cursor_pos = (observation['tty_cursor'][0] - 1, observation['tty_cursor'][1])
Warning: NetHack asked for env variable ROGUEOPTS
arena · episode 23/27 (val-dwa-law-fem): progress=0.647 completed turns=11572 depth=29
arena · episode 25/27 (val-dwa-law-fem): progress=0.161 completed turns=11326 depth=11
Warning: NetHack asked for env variable ROGUEOPTS
arena · episode 27/27 (val-dwa-law-fem): progress=0.466 completed turns=13078 depth=25
Warning: NetHack asked for env variable ROGUEOPTS
arena · episode 26/27 (val-dwa-law-fem): progress=0.507 completed turns=27360 depth=26
